Microchip MPLAB XC8 Compiler V2.10 ()

Linker command line:

-W-3 --edf=C:\Program Files (x86)\Microchip\xc8\v2.10\pic\dat\en_msgs.txt \
  -cs -h+dist/default/production\LCD.X.production.sym \
  --cmf=dist/default/production\LCD.X.production.cmf -z -Q16F877A \
  -oC:\Users\DELL\AppData\Local\Temp\sj70.2 --defsym=__MPLAB_BUILD=1 \
  -Mdist/default/production/LCD.X.production.map -E1 -ver=XC8 --acfsm=1493 \
  -ASTACK=0110h-016Fh -pstack=STACK -ACODE=00h-07FFhx4 -ASTRCODE=00h-01FFFh \
  -ASTRING=00h-0FFhx32 -ACONST=00h-0FFhx32 -AENTRY=00h-0FFhx32 \
  -ACOMMON=070h-07Fh -ABANK0=020h-06Fh -ABANK1=0A0h-0EFh \
  -ABANK2=0110h-016Fh -ABANK3=0190h-01EFh \
  -ARAM=020h-06Fh,0A0h-0EFh,0110h-016Fh,0190h-01EFh \
  -AABS1=020h-07Fh,0A0h-0EFh,0110h-016Fh,0190h-01EFh -ASFR0=00h-01Fh \
  -ASFR1=080h-09Fh -ASFR2=0100h-010Fh -ASFR3=0180h-018Fh \
  -preset_vec=00h,intentry,init,end_init -ppowerup=CODE -pcinit=CODE \
  -pfunctab=ENTRY -ACONFIG=02007h-02007h -pconfig=CONFIG -DCONFIG=2 \
  -AIDLOC=02000h-02003h -pidloc=IDLOC -DIDLOC=2 -AEEDATA=00h-0FFh/02100h \
  -peeprom_data=EEDATA -DEEDATA=2 -DCODE=2 -DSTRCODE=2 -DSTRING=2 -DCONST=2 \
  -DENTRY=2 -k C:\Users\DELL\AppData\Local\Temp\sj70.o \
  dist/default/production\LCD.X.production.o 

Object code version is 3.11

Machine type is 16F877A



                Name                               Link     Load   Length Selector   Space Scale
C:\Users\DELL\AppData\Local\Temp\sj70.o
                end_init                              0        0        3        0       0
                config                             2007     2007        1     400E       0
dist/default/production\LCD.X.production.o
                cinit                               7ED      7ED       13      FDA       0
                text6                               729      729       42      E52       0
                text5                               684      684       36      D08       0
                text4                               6F0      6F0       39      DE0       0
                text3                               6BA      6BA       36      D74       0
                text2                               61A      61A       18      C34       0
                text1                               65A      65A       2A      CB4       0
                maintext                            76B      76B       82      ED6       0
                cstackCOMMON                         70       70        A       70       1
                inittext                            607      607       13      C0E       0
                dataBANK0                            20       20       28       20       1
                bssCOMMON                            7A       7A        1       70       1
                idataBANK0                          632      632       28      C64       0

TOTAL           Name                               Link     Load   Length     Space
        CLASS   STACK          

        CLASS   CODE           
                end_init                              0        0        3         0
                cinit                               7ED      7ED       13         0
                text6                               729      729       42         0
                text5                               684      684       36         0
                text4                               6F0      6F0       39         0
                text3                               6BA      6BA       36         0
                text2                               61A      61A       18         0
                text1                               65A      65A       2A         0
                maintext                            76B      76B       82         0
                inittext                            607      607       13         0
                idataBANK0                          632      632       28         0

        CLASS   STRCODE        

        CLASS   STRING         

        CLASS   CONST          

        CLASS   ENTRY          

        CLASS   COMMON         
                cstackCOMMON                         70       70        A         1
                bssCOMMON                            7A       7A        1         1

        CLASS   BANK0          
                dataBANK0                            20       20       28         1

        CLASS   BANK1          

        CLASS   BANK2          

        CLASS   BANK3          

        CLASS   RAM            

        CLASS   ABS1           
                abs_s1                               7E       7E        2         1

        CLASS   SFR0           

        CLASS   SFR1           

        CLASS   SFR2           

        CLASS   SFR3           

        CLASS   CONFIG         
                config                             2007     2007        1         0

        CLASS   IDLOC          

        CLASS   EEDATA         



SEGMENTS        Name                           Load    Length   Top    Selector   Space  Class     Delta

                reset_vec                      000000  000003  000003         0       0  CODE        2
                dataBANK0                      000020  000028  000048        20       1  BANK0       1
                cstackCOMMON                   000070  00000B  00007B        70       1  COMMON      1
                inittext                       000607  000013  00061A       C0E       0  CODE        2
                text2                          00061A  000018  000632       C34       0  CODE        2
                idataBANK0                     000632  000028  00065A       C64       0  CODE        2
                text1                          00065A  00002A  000684       CB4       0  CODE        2
                text5                          000684  000036  0006BA       D08       0  CODE        2
                text3                          0006BA  000036  0006F0       D74       0  CODE        2
                text4                          0006F0  000039  000729       DE0       0  CODE        2
                text6                          000729  000042  00076B       E52       0  CODE        2
                maintext                       00076B  000082  0007ED       ED6       0  CODE        2
                cinit                          0007ED  000013  000800       FDA       0  CODE        2
                config                         002007  000001  002008      400E       0  CONFIG      2


UNUSED ADDRESS RANGES

        Name                Unused          Largest block    Delta
        BANK0            0048-006F             28           1
        BANK1            00A0-00EF             50           1
        BANK2            0110-016F             60           1
        BANK3            0190-01EF             60           1
        CODE             0003-0606            604           2
                         0800-1FFF            800
        COMMON           007B-007D              3           1
        CONST            0003-0606            100           2
                         0800-1FFF            100
        EEDATA           2100-21FF            100           2
        ENTRY            0003-0606            100           2
                         0800-1FFF            100
        IDLOC            2000-2003              4           2
        RAM              0048-006F             28           1
                         00A0-00EF             50
                         0110-016F             60
                         0190-01EF             60
        SFR0             0000-001F             20           1
        SFR1             0080-009F             20           1
        SFR2             0100-010F             10           1
        SFR3             0180-018F             10           1
        STACK            0110-016F             60           1
        STRCODE          0003-0606            604           2
                         0800-1FFF           1800
        STRING           0003-0606            100           2
                         0800-1FFF            100

                                  Symbol Table

LCD_PREDT@data            cstackCOMMON 0071
LCD_WriteDT@data          cstackCOMMON 0074
LCD_WriteIR@data          cstackCOMMON 0074
LCD_WriteString@data      cstackCOMMON 0076
Send_data@data            cstackCOMMON 0072
_ADCON1                   (abs)        009F
_BRGH                     (abs)        04C2
_CREN                     (abs)        00C4
_GIE                      (abs)        005F
_LCD_Init                 text4        06F0
_LCD_PREDT                text6        0729
_LCD_WriteDT              text3        06BA
_LCD_WriteIR              text5        0684
_LCD_WriteString          text2        061A
_PEIE                     (abs)        005E
_PSPMODE                  (abs)        044C
_RB1                      (abs)        0031
_RB2                      (abs)        0032
_RB4                      (abs)        0034
_RB5                      (abs)        0035
_RCIF                     (abs)        0065
_RCREG                    (abs)        001A
_RD2                      (abs)        0042
_RD4                      (abs)        0044
_RD5                      (abs)        0045
_RD6                      (abs)        0046
_RD7                      (abs)        0047
_RE0                      (abs)        0048
_RE1                      (abs)        0049
_RE2                      (abs)        004A
_SPBRG                    (abs)        0099
_SPEN                     (abs)        00C7
_SYNC                     (abs)        04C4
_Send_data                text1        065A
_TRISBbits                (abs)        0086
_TRISCbits                (abs)        0087
_TRISD4                   (abs)        0444
_TRISD5                   (abs)        0445
_TRISD6                   (abs)        0446
_TRISD7                   (abs)        0447
_TRISDbits                (abs)        0088
_TRISE0                   (abs)        0448
_TRISE1                   (abs)        0449
_TRISE2                   (abs)        044A
_TXEN                     (abs)        04C5
_TXIF                     (abs)        0064
_TXREG                    (abs)        0019
__CFG_BOREN$ON            (abs)        0000
__CFG_CP$OFF              (abs)        0000
__CFG_CPD$OFF             (abs)        0000
__CFG_FOSC$HS             (abs)        0000
__CFG_LVP$OFF             (abs)        0000
__CFG_PWRTE$OFF           (abs)        0000
__CFG_WDTE$OFF            (abs)        0000
__CFG_WRT$OFF             (abs)        0000
__Habs1                   abs1         0000
__Hbank0                  bank0        0000
__Hbank1                  bank1        0000
__Hbank2                  bank2        0000
__Hbank3                  bank3        0000
__HbssCOMMON              bssCOMMON    0000
__Hcinit                  cinit        0800
__Hclrtext                clrtext      0000
__Hcode                   code         0000
__Hcommon                 common       0000
__Hconfig                 config       2008
__HcstackCOMMON           cstackCOMMON 0000
__HdataBANK0              dataBANK0    0000
__Heeprom_data            eeprom_data  0000
__Hend_init               end_init     0003
__Hfunctab                functab      0000
__HidataBANK0             idataBANK0   0000
__Hidloc                  idloc        0000
__Hinit                   init         0000
__Hinittext               inittext     0000
__Hintentry               intentry     0000
__Hmaintext               maintext     0000
__Hpowerup                powerup      0000
__Hram                    ram          0000
__Hreset_vec              reset_vec    0000
__Hsfr0                   sfr0         0000
__Hsfr1                   sfr1         0000
__Hsfr2                   sfr2         0000
__Hsfr3                   sfr3         0000
__Hspace_0                (abs)        2008
__Hspace_1                (abs)        007B
__Hspace_2                (abs)        0000
__Hspace_3                (abs)        0000
__Hstack                  stack        0000
__Hstrings                strings      0000
__Htext                   text         0000
__Labs1                   abs1         0000
__Lbank0                  bank0        0000
__Lbank1                  bank1        0000
__Lbank2                  bank2        0000
__Lbank3                  bank3        0000
__LbssCOMMON              bssCOMMON    0000
__Lcinit                  cinit        07ED
__Lclrtext                clrtext      0000
__Lcode                   code         0000
__Lcommon                 common       0000
__Lconfig                 config       2007
__LcstackCOMMON           cstackCOMMON 0000
__LdataBANK0              dataBANK0    0000
__Leeprom_data            eeprom_data  0000
__Lend_init               end_init     0000
__Lfunctab                functab      0000
__LidataBANK0             idataBANK0   0000
__Lidloc                  idloc        0000
__Linit                   init         0000
__Linittext               inittext     0000
__Lintentry               intentry     0000
__Lmaintext               maintext     0000
__Lpowerup                powerup      0000
__Lram                    ram          0000
__Lreset_vec              reset_vec    0000
__Lsfr0                   sfr0         0000
__Lsfr1                   sfr1         0000
__Lsfr2                   sfr2         0000
__Lsfr3                   sfr3         0000
__Lspace_0                (abs)        0000
__Lspace_1                (abs)        0000
__Lspace_2                (abs)        0000
__Lspace_3                (abs)        0000
__Lstack                  stack        0000
__Lstrings                strings      0000
__Ltext                   text         0000
__S0                      (abs)        2008
__S1                      (abs)        007B
__S2                      (abs)        0000
__S3                      (abs)        0000
___int_sp                 stack        0000
___latbits                (abs)        0002
___sp                     stack        0000
___stackhi                (abs)        0000
___stacklo                (abs)        0000
__end_of_LCD_Init         text4        0729
__end_of_LCD_PREDT        text6        076B
__end_of_LCD_WriteDT      text3        06F0
__end_of_LCD_WriteIR      text5        06BA
__end_of_LCD_WriteString  text2        0632
__end_of_Send_data        text1        0684
__end_of__initialization  cinit        07FC
__end_of_main             maintext     07ED
__initialization          cinit        07ED
__pbssCOMMON              bssCOMMON    007A
__pcstackCOMMON           cstackCOMMON 0070
__pdataBANK0              dataBANK0    0020
__pidataBANK0             idataBANK0   0632
__pmaintext               maintext     076B
__ptext1                  text1        065A
__ptext2                  text2        061A
__ptext3                  text3        06BA
__ptext4                  text4        06F0
__ptext5                  text5        0684
__ptext6                  text6        0729
__size_of_LCD_Init        (abs)        0000
__size_of_LCD_PREDT       (abs)        0000
__size_of_LCD_WriteDT     (abs)        0000
__size_of_LCD_WriteIR     (abs)        0000
__size_of_LCD_WriteString (abs)        0000
__size_of_Send_data       (abs)        0000
__size_of_main            (abs)        0000
_a                        bssCOMMON    007A
_array                    dataBANK0    0020
_main                     maintext     076B
_var                      dataBANK0    0034
btemp                     (abs)        007E
end_of_initialization     cinit        07FC
init_fetch0               inittext     0607
init_ram0                 inittext     060B
intlevel0                 functab      0000
intlevel1                 functab      0000
intlevel2                 functab      0000
intlevel3                 functab      0000
intlevel4                 functab      0000
intlevel5                 functab      0000
reset_vec                 reset_vec    0000
start                     init         0000
start_initialization      cinit        07ED
wtemp0                    (abs)        007E


FUNCTION INFORMATION:

 *************** function _main *****************
 Defined at:
		line 37 in file "main.c"
 Parameters:    Size  Location     Type
		None
 Auto vars:     Size  Location     Type
		None
 Return value:  Size  Location     Type
                  1    wreg      void 
 Registers used:
		wreg, fsr0l, fsr0h, status,2, status,0, pclath, cstack
 Tracked objects:
		On entry : 
		On exit  : 
		Unchanged: 
 Data sizes:     COMMON   BANK0   BANK1   BANK3   BANK2
      Params:         0       0       0       0       0
      Locals:         0       0       0       0       0
      Temps:          3       0       0       0       0
      Totals:         3       0       0       0       0
Total ram usage:        3 bytes
 Hardware stack levels required when called:    3
 This function calls:
		_LCD_Init
		_LCD_WriteString
		_Send_data
 This function is called by:
		Startup code after reset
 This function uses a non-reentrant model


 *************** function _Send_data *****************
 Defined at:
		line 94 in file "main.c"
 Parameters:    Size  Location     Type
  data            1    wreg     PTR unsigned char 
		 -> var(20), 
 Auto vars:     Size  Location     Type
  data            1    2[COMMON] PTR unsigned char 
		 -> var(20), 
 Return value:  Size  Location     Type
                  1    wreg      void 
 Registers used:
		wreg, fsr0l, fsr0h, status,2, status,0
 Tracked objects:
		On entry : 
		On exit  : 
		Unchanged: 
 Data sizes:     COMMON   BANK0   BANK1   BANK3   BANK2
      Params:         0       0       0       0       0
      Locals:         1       0       0       0       0
      Temps:          2       0       0       0       0
      Totals:         3       0       0       0       0
Total ram usage:        3 bytes
 Hardware stack levels used:    1
 This function calls:
		Nothing
 This function is called by:
		_main
 This function uses a non-reentrant model


 *************** function _LCD_WriteString *****************
 Defined at:
		line 66 in file "LCD_PIC.c"
 Parameters:    Size  Location     Type
  data            1    wreg     PTR unsigned char 
		 -> array(20), 
 Auto vars:     Size  Location     Type
  data            1    6[COMMON] PTR unsigned char 
		 -> array(20), 
  i               1    0        unsigned char 
 Return value:  Size  Location     Type
                  1    wreg      void 
 Registers used:
		wreg, fsr0l, fsr0h, status,2, status,0, pclath, cstack
 Tracked objects:
		On entry : 
		On exit  : 
		Unchanged: 
 Data sizes:     COMMON   BANK0   BANK1   BANK3   BANK2
      Params:         0       0       0       0       0
      Locals:         1       0       0       0       0
      Temps:          1       0       0       0       0
      Totals:         2       0       0       0       0
Total ram usage:        2 bytes
 Hardware stack levels used:    1
 Hardware stack levels required when called:    2
 This function calls:
		_LCD_WriteDT
 This function is called by:
		_main
 This function uses a non-reentrant model


 *************** function _LCD_WriteDT *****************
 Defined at:
		line 28 in file "LCD_PIC.c"
 Parameters:    Size  Location     Type
  data            1    wreg     unsigned char 
 Auto vars:     Size  Location     Type
  data            1    4[COMMON] unsigned char 
 Return value:  Size  Location     Type
                  1    wreg      void 
 Registers used:
		wreg, status,2, status,0, pclath, cstack
 Tracked objects:
		On entry : 
		On exit  : 
		Unchanged: 
 Data sizes:     COMMON   BANK0   BANK1   BANK3   BANK2
      Params:         0       0       0       0       0
      Locals:         1       0       0       0       0
      Temps:          2       0       0       0       0
      Totals:         3       0       0       0       0
Total ram usage:        3 bytes
 Hardware stack levels used:    1
 Hardware stack levels required when called:    1
 This function calls:
		_LCD_PREDT
 This function is called by:
		_LCD_WriteString
 This function uses a non-reentrant model


 *************** function _LCD_Init *****************
 Defined at:
		line 43 in file "LCD_PIC.c"
 Parameters:    Size  Location     Type
		None
 Auto vars:     Size  Location     Type
		None
 Return value:  Size  Location     Type
                  1    wreg      void 
 Registers used:
		wreg, status,2, status,0, pclath, cstack
 Tracked objects:
		On entry : 
		On exit  : 
		Unchanged: 
 Data sizes:     COMMON   BANK0   BANK1   BANK3   BANK2
      Params:         0       0       0       0       0
      Locals:         0       0       0       0       0
      Temps:          2       0       0       0       0
      Totals:         2       0       0       0       0
Total ram usage:        2 bytes
 Hardware stack levels used:    1
 Hardware stack levels required when called:    2
 This function calls:
		_LCD_PREDT
		_LCD_WriteIR
 This function is called by:
		_main
 This function uses a non-reentrant model


 *************** function _LCD_WriteIR *****************
 Defined at:
		line 13 in file "LCD_PIC.c"
 Parameters:    Size  Location     Type
  data            1    wreg     unsigned char 
 Auto vars:     Size  Location     Type
  data            1    4[COMMON] unsigned char 
 Return value:  Size  Location     Type
                  1    wreg      void 
 Registers used:
		wreg, status,2, status,0, pclath, cstack
 Tracked objects:
		On entry : 
		On exit  : 
		Unchanged: 
 Data sizes:     COMMON   BANK0   BANK1   BANK3   BANK2
      Params:         0       0       0       0       0
      Locals:         1       0       0       0       0
      Temps:          2       0       0       0       0
      Totals:         3       0       0       0       0
Total ram usage:        3 bytes
 Hardware stack levels used:    1
 Hardware stack levels required when called:    1
 This function calls:
		_LCD_PREDT
 This function is called by:
		_LCD_Init
 This function uses a non-reentrant model


 *************** function _LCD_PREDT *****************
 Defined at:
		line 5 in file "LCD_PIC.c"
 Parameters:    Size  Location     Type
  data            1    wreg     unsigned char 
 Auto vars:     Size  Location     Type
  data            1    1[COMMON] unsigned char 
 Return value:  Size  Location     Type
                  1    wreg      void 
 Registers used:
		wreg, status,2, status,0
 Tracked objects:
		On entry : 
		On exit  : 
		Unchanged: 
 Data sizes:     COMMON   BANK0   BANK1   BANK3   BANK2
      Params:         0       0       0       0       0
      Locals:         1       0       0       0       0
      Temps:          1       0       0       0       0
      Totals:         2       0       0       0       0
Total ram usage:        2 bytes
 Hardware stack levels used:    1
 This function calls:
		Nothing
 This function is called by:
		_LCD_WriteIR
		_LCD_WriteDT
		_LCD_Init
 This function uses a non-reentrant model



MODULE INFORMATION

Module		Function		Class		Link	Load	Size
LCD_PIC.c
		_LCD_Init      		CODE           	06F0	0000	58
		_LCD_WriteString		CODE           	061A	0000	25
		_LCD_PREDT     		CODE           	0729	0000	67
		_LCD_WriteDT   		CODE           	06BA	0000	55
		_LCD_WriteIR   		CODE           	0684	0000	55

LCD_PIC.c estimated size: 260

shared
		__initialization		CODE           	07ED	0000	16

shared estimated size: 16

main.c
		_main          		CODE           	076B	0000	131
		_Send_data     		CODE           	065A	0000	43

main.c estimated size: 174

